luana@LAPTOP-P8A7ACTH MINGW64 ~/IH-Labs/lab-bash (master)
$ pwd
/c/Users/luana/IH-Labs/lab-bash

luana@LAPTOP-P8A7ACTH MINGW64 ~/IH-Labs/lab-bash (master)
$ ls
exercices/  inputs/  lorem/  lorem-copy/  outputs/  readme.md

luana@LAPTOP-P8A7ACTH MINGW64 ~/IH-Labs/lab-bash (master)
$ echo 'Hello World'
Hello World

luana@LAPTOP-P8A7ACTH MINGW64 ~/IH-Labs/lab-bash (master)
$ mkdir new_dir

luana@LAPTOP-P8A7ACTH MINGW64 ~/IH-Labs/lab-bash (master)
$ ls
exercices/  inputs/  lorem/  lorem-copy/  new_dir/  outputs/  readme.md

luana@LAPTOP-P8A7ACTH MINGW64 ~/IH-Labs/lab-bash (master)
$ rm -r new_dir

luana@LAPTOP-P8A7ACTH MINGW64 ~/IH-Labs/lab-bash (master)
$ ls
exercices/  inputs/  lorem/  lorem-copy/  outputs/  readme.md

luana@LAPTOP-P8A7ACTH MINGW64 ~/IH-Labs/lab-bash (master)
$ cd lorem

luana@LAPTOP-P8A7ACTH MINGW64 ~/IH-Labs/lab-bash/lorem (master)
$ ls
at.txt  at.txte  lorem.txt  sed.txt

luana@LAPTOP-P8A7ACTH MINGW64 ~/IH-Labs/lab-bash/lorem (master)
$ cp sed.txt lorem-copy

luana@LAPTOP-P8A7ACTH MINGW64 ~/IH-Labs/lab-bash/lorem (master)
$ cd ..

luana@LAPTOP-P8A7ACTH MINGW64 ~/IH-Labs/lab-bash (master)
$ ls la
ls: cannot access 'la': No such file or directory

luana@LAPTOP-P8A7ACTH MINGW64 ~/IH-Labs/lab-bash (master)
$ ls -la
total 28
drwxr-xr-x 1 luana 197609    0 Sep  5 12:24 ./
drwxr-xr-x 1 luana 197609    0 Sep  5 11:52 ../
-rw-r--r-- 1 luana 197609 6148 Sep  5 11:52 .DS_Store
drwxr-xr-x 1 luana 197609    0 Sep  5 12:06 .git/
drwxr-xr-x 1 luana 197609    0 Sep  5 11:52 .github/
drwxr-xr-x 1 luana 197609    0 Sep  5 11:52 exercices/
drwxr-xr-x 1 luana 197609    0 Sep  5 11:52 inputs/
drwxr-xr-x 1 luana 197609    0 Sep  5 12:26 lorem/
drwxr-xr-x 1 luana 197609    0 Sep  5 11:52 lorem-copy/
drwxr-xr-x 1 luana 197609    0 Sep  5 11:52 outputs/
-rw-r--r-- 1 luana 197609 2597 Sep  5 11:52 readme.md

luana@LAPTOP-P8A7ACTH MINGW64 ~/IH-Labs/lab-bash (master)
$ cd lorem

luana@LAPTOP-P8A7ACTH MINGW64 ~/IH-Labs/lab-bash/lorem (master)
$ cp at.txt;lorem.txt lorem-copy
cp: missing destination file operand after 'at.txt'
Try 'cp --help' for more information.
bash: lorem.txt: command not found

luana@LAPTOP-P8A7ACTH MINGW64 ~/IH-Labs/lab-bash/lorem (master)
$ cp at.txt lorem-copy ; lorem.txt lorem-copy
bash: lorem.txt: command not found

luana@LAPTOP-P8A7ACTH MINGW64 ~/IH-Labs/lab-bash/lorem (master)
$ cp at.txt lorem-copy ; cp lorem.xt lorem-copy
cp: cannot stat 'lorem.xt': No such file or directory

luana@LAPTOP-P8A7ACTH MINGW64 ~/IH-Labs/lab-bash/lorem (master)
$ cp at.txt lorem-copy ; cp lorem.txt lorem-copy

luana@LAPTOP-P8A7ACTH MINGW64 ~/IH-Labs/lab-bash/lorem (master)
$ pwd
/c/Users/luana/IH-Labs/lab-bash/lorem

luana@LAPTOP-P8A7ACTH MINGW64 ~/IH-Labs/lab-bash/lorem (master)
$ cd ..

luana@LAPTOP-P8A7ACTH MINGW64 ~/IH-Labs/lab-bash (master)
$ cd lorem-copy

luana@LAPTOP-P8A7ACTH MINGW64 ~/IH-Labs/lab-bash/lorem-copy (master)
$ ls
dummy_file.txt

luana@LAPTOP-P8A7ACTH MINGW64 ~/IH-Labs/lab-bash/lorem-copy (master)
$ cd ..

luana@LAPTOP-P8A7ACTH MINGW64 ~/IH-Labs/lab-bash (master)
$ cd lorem

luana@LAPTOP-P8A7ACTH MINGW64 ~/IH-Labs/lab-bash/lorem (master)
$ ls
at.txt  at.txte  lorem-copy  lorem.txt  sed.txt

luana@LAPTOP-P8A7ACTH MINGW64 ~/IH-Labs/lab-bash/lorem (master)
$ cd ..

luana@LAPTOP-P8A7ACTH MINGW64 ~/IH-Labs/lab-bash (master)
$ pwd
/c/Users/luana/IH-Labs/lab-bash

luana@LAPTOP-P8A7ACTH MINGW64 ~/IH-Labs/lab-bash (master)
$ cp sed.txt lorem-copy
cp: cannot stat 'sed.txt': No such file or directory

luana@LAPTOP-P8A7ACTH MINGW64 ~/IH-Labs/lab-bash (master)
$ cd lorem

luana@LAPTOP-P8A7ACTH MINGW64 ~/IH-Labs/lab-bash/lorem (master)
$ cp sed.txt ..\lorem-copy

luana@LAPTOP-P8A7ACTH MINGW64 ~/IH-Labs/lab-bash/lorem (master)
$ cd ..

luana@LAPTOP-P8A7ACTH MINGW64 ~/IH-Labs/lab-bash (master)
$ cd lorem-copy

luana@LAPTOP-P8A7ACTH MINGW64 ~/IH-Labs/lab-bash/lorem-copy (master)
$ ls
dummy_file.txt

luana@LAPTOP-P8A7ACTH MINGW64 ~/IH-Labs/lab-bash/lorem-copy (master)
$ cp sed.txt ..\lorem-copy
cp: cannot stat 'sed.txt': No such file or directory

luana@LAPTOP-P8A7ACTH MINGW64 ~/IH-Labs/lab-bash/lorem-copy (master)
$ cp sed.txt \\..\lorem-copy
cp: cannot stat 'sed.txt': No such file or directory

luana@LAPTOP-P8A7ACTH MINGW64 ~/IH-Labs/lab-bash/lorem-copy (master)
$ cd lorem
bash: cd: lorem: No such file or directory

luana@LAPTOP-P8A7ACTH MINGW64 ~/IH-Labs/lab-bash/lorem-copy (master)
$ pwd
/c/Users/luana/IH-Labs/lab-bash/lorem-copy

luana@LAPTOP-P8A7ACTH MINGW64 ~/IH-Labs/lab-bash/lorem-copy (master)
$ cd ..

luana@LAPTOP-P8A7ACTH MINGW64 ~/IH-Labs/lab-bash (master)
$ cd lorem

luana@LAPTOP-P8A7ACTH MINGW64 ~/IH-Labs/lab-bash/lorem (master)
$ ls
at.txt  at.txte  lorem-copy  lorem.txt  sed.txt

luana@LAPTOP-P8A7ACTH MINGW64 ~/IH-Labs/lab-bash/lorem (master)
$ cp sed.txt ..\\lorem-copy

luana@LAPTOP-P8A7ACTH MINGW64 ~/IH-Labs/lab-bash/lorem (master)
$ cd ..

luana@LAPTOP-P8A7ACTH MINGW64 ~/IH-Labs/lab-bash (master)
$ cd lorem-copy

luana@LAPTOP-P8A7ACTH MINGW64 ~/IH-Labs/lab-bash/lorem-copy (master)
$ ls
dummy_file.txt  sed.txt

luana@LAPTOP-P8A7ACTH MINGW64 ~/IH-Labs/lab-bash/lorem-copy (master)
$ cd ..

luana@LAPTOP-P8A7ACTH MINGW64 ~/IH-Labs/lab-bash (master)
$ cd lorem

luana@LAPTOP-P8A7ACTH MINGW64 ~/IH-Labs/lab-bash/lorem (master)
$ ls
at.txt  at.txte  lorem-copy  lorem.txt  sed.txt

luana@LAPTOP-P8A7ACTH MINGW64 ~/IH-Labs/lab-bash/lorem (master)
$ cp at.txt ..\\lorem-copy ; cp lorem.txt ..\\lorem-copy

luana@LAPTOP-P8A7ACTH MINGW64 ~/IH-Labs/lab-bash/lorem (master)
$ rm -f lorem-copy

luana@LAPTOP-P8A7ACTH MINGW64 ~/IH-Labs/lab-bash/lorem (master)
$ ls
at.txt  at.txte  lorem.txt  sed.txt

luana@LAPTOP-P8A7ACTH MINGW64 ~/IH-Labs/lab-bash/lorem (master)
$ cat sed.txt
Sed ut perspiciatis unde omnis iste natus error sit voluptatem accusantium doloremque laudantium,
totam rem aperiam, eaque ipsa quae ab illo inventore veritatis et quasi architecto beatae vitae dicta sunt explicabo.
Nemo enim ipsam voluptatem quia voluptas sit aspernatur aut odit aut fugit,
sed quia consequuntur magni dolores eos qui ratione voluptatem sequi nesciunt.
Neque porro quisquam est, qui dolorem ipsum quia dolor sit amet, consectetur, adipisci velit,
sed quia non numquam eius modi tempora incidunt ut labore et dolore magnam aliquam quaerat voluptatem.
Ut enim ad minima veniam, quis nostrum exercitationem ullam corporis suscipit laboriosam,
nisi ut aliquid ex ea commodi consequatur? Quis autem vel eum iure reprehenderit qui in ea voluptate velit esse quam nihil molestiae consequatur,
vel illum qui dolorem eum fugiat quo voluptas nulla pariatur?Homo homini lupus

luana@LAPTOP-P8A7ACTH MINGW64 ~/IH-Labs/lab-bash/lorem (master)
$ cat at.txt ; cat lorem.txt
At vero eos ET accusamus ET iusto odio dignissimos ducimus qui blanditiis praesentium voluptatum
deleniti atque corrupti quos dolores ET quas molestias excepturi sint occaecati cupiditate non
provident, similique sunt in culpa qui officia deserunt mollitia animi, id est laborum ET dolorum fuga.
Et harum quidem rerum facilis est ET expedita distinctio.
Nam libero tempore, cum soluta nobis est eligendi optio cumque nihil impedit quo minus id quod
maxime placeat facere possimus, omnis voluptas assumenda est, omnis dolor repellendus.
Temporibus autem quibusdam ET aut officiis debitis aut rerum necessitatibus saepe eveniET
ut ET voluptates repudiandae sint ET molestiae non recusandae.
Itaque earum rerum hic tenETur a sapiente delectus, ut aut reiciendis voluptatibus maiores
alias consequatur aut perferendis doloribus asperiores repellat
Lorem ipsum dolor sit amet, consectetur adipiscing elit, sed do eiusmod tempor incididunt ut labore et dolore magna aliqua.
Ut enim ad minim veniam, quis nostrud exercitation ullamco laboris nisi ut aliquip ex ea commodo consequat.
Duis aute irure dolor in reprehenderit in voluptate velit esse cillum dolore eu fugiat nulla pariatur.
Excepteur sint occaecat cupidatat non proident, sunt in culpa qui officia deserunt mollit anim id est laborum.
luana@LAPTOP-P8A7ACTH MINGW64 ~/IH-Labs/lab-bash/lorem (master)
$ cd ..\\lorem-copy

luana@LAPTOP-P8A7ACTH MINGW64 ~/IH-Labs/lab-bash/lorem-copy (master)
$ head -3 sed.txt
Sed ut perspiciatis unde omnis iste natus error sit voluptatem accusantium doloremque laudantium,
totam rem aperiam, eaque ipsa quae ab illo inventore veritatis et quasi architecto beatae vitae dicta sunt explicabo.
Nemo enim ipsam voluptatem quia voluptas sit aspernatur aut odit aut fugit,

luana@LAPTOP-P8A7ACTH MINGW64 ~/IH-Labs/lab-bash/lorem-copy (master)
$ tail -3 sed.txt
Ut enim ad minima veniam, quis nostrum exercitationem ullam corporis suscipit laboriosam,
nisi ut aliquid ex ea commodi consequatur? Quis autem vel eum iure reprehenderit qui in ea voluptate velit esse quam nihil molestiae consequatur,
vel illum qui dolorem eum fugiat quo voluptas nulla pariatur?Homo homini lupus

luana@LAPTOP-P8A7ACTH MINGW64 ~/IH-Labs/lab-bash/lorem-copy (master)
$ echo 'Homo homini lupus .' >> sed.txt

luana@LAPTOP-P8A7ACTH MINGW64 ~/IH-Labs/lab-bash/lorem-copy (master)
$ tail -3 sed.txt
nisi ut aliquid ex ea commodi consequatur? Quis autem vel eum iure reprehenderit qui in ea voluptate velit esse quam nihil molestiae consequatur,
vel illum qui dolorem eum fugiat quo voluptas nulla pariatur?Homo homini lupus
Homo homini lupus .

luana@LAPTOP-P8A7ACTH MINGW64 ~/IH-Labs/lab-bash/lorem-copy (master)
$ cd ..\\lorem

luana@LAPTOP-P8A7ACTH MINGW64 ~/IH-Labs/lab-bash/lorem (master)
$ cat at.txt
At vero eos ET accusamus ET iusto odio dignissimos ducimus qui blanditiis praesentium voluptatum
deleniti atque corrupti quos dolores ET quas molestias excepturi sint occaecati cupiditate non
provident, similique sunt in culpa qui officia deserunt mollitia animi, id est laborum ET dolorum fuga.
Et harum quidem rerum facilis est ET expedita distinctio.
Nam libero tempore, cum soluta nobis est eligendi optio cumque nihil impedit quo minus id quod
maxime placeat facere possimus, omnis voluptas assumenda est, omnis dolor repellendus.
Temporibus autem quibusdam ET aut officiis debitis aut rerum necessitatibus saepe eveniET
ut ET voluptates repudiandae sint ET molestiae non recusandae.
Itaque earum rerum hic tenETur a sapiente delectus, ut aut reiciendis voluptatibus maiores
alias consequatur aut perferendis doloribus asperiores repellat

luana@LAPTOP-P8A7ACTH MINGW64 ~/IH-Labs/lab-bash/lorem (master)
$ sed -i 's/et/ET/g' at.txt

luana@LAPTOP-P8A7ACTH MINGW64 ~/IH-Labs/lab-bash/lorem (master)
$ cat at.txt
At vero eos ET accusamus ET iusto odio dignissimos ducimus qui blanditiis praesentium voluptatum
deleniti atque corrupti quos dolores ET quas molestias excepturi sint occaecati cupiditate non
provident, similique sunt in culpa qui officia deserunt mollitia animi, id est laborum ET dolorum fuga.
Et harum quidem rerum facilis est ET expedita distinctio.
Nam libero tempore, cum soluta nobis est eligendi optio cumque nihil impedit quo minus id quod
maxime placeat facere possimus, omnis voluptas assumenda est, omnis dolor repellendus.
Temporibus autem quibusdam ET aut officiis debitis aut rerum necessitatibus saepe eveniET
ut ET voluptates repudiandae sint ET molestiae non recusandae.
Itaque earum rerum hic tenETur a sapiente delectus, ut aut reiciendis voluptatibus maiores
alias consequatur aut perferendis doloribus asperiores repellat

luana@LAPTOP-P8A7ACTH MINGW64 ~/IH-Labs/lab-bash/lorem (master)
$ whoami
luana

luana@LAPTOP-P8A7ACTH MINGW64 ~/IH-Labs/lab-bash/lorem (master)
$ pwd
/c/Users/luana/IH-Labs/lab-bash/lorem

luana@LAPTOP-P8A7ACTH MINGW64 ~/IH-Labs/lab-bash/lorem (master)
$ ls *.txt
at.txt  lorem.txt  sed.txt

luana@LAPTOP-P8A7ACTH MINGW64 ~/IH-Labs/lab-bash/lorem (master)
$ cat sed.txt | wc -l
9

luana@LAPTOP-P8A7ACTH MINGW64 ~/IH-Labs/lab-bash/lorem (master)
$ ls *.txt | wc -l
3

luana@LAPTOP-P8A7ACTH MINGW64 ~/IH-Labs/lab-bash/lorem (master)
$ cd ..

luana@LAPTOP-P8A7ACTH MINGW64 ~/IH-Labs/lab-bash (master)
$ ls -S
readme.md  exercices/  inputs/  lorem/  lorem-copy/  outputs/

luana@LAPTOP-P8A7ACTH MINGW64 ~/IH-Labs/lab-bash (master)
$ ls -la
total 28
drwxr-xr-x 1 luana 197609    0 Sep  5 12:24 ./
drwxr-xr-x 1 luana 197609    0 Sep  5 11:52 ../
-rw-r--r-- 1 luana 197609 6148 Sep  5 11:52 .DS_Store
drwxr-xr-x 1 luana 197609    0 Sep  5 12:06 .git/
drwxr-xr-x 1 luana 197609    0 Sep  5 11:52 .github/
drwxr-xr-x 1 luana 197609    0 Sep  5 11:52 exercices/
drwxr-xr-x 1 luana 197609    0 Sep  5 11:52 inputs/
drwxr-xr-x 1 luana 197609    0 Sep  5 13:12 lorem/
drwxr-xr-x 1 luana 197609    0 Sep  5 12:48 lorem-copy/
drwxr-xr-x 1 luana 197609    0 Sep  5 11:52 outputs/
-rw-r--r-- 1 luana 197609 2597 Sep  5 11:52 readme.md

luana@LAPTOP-P8A7ACTH MINGW64 ~/IH-Labs/lab-bash (master)
$ ls -l
total 12
drwxr-xr-x 1 luana 197609    0 Sep  5 11:52 exercices/
drwxr-xr-x 1 luana 197609    0 Sep  5 11:52 inputs/
drwxr-xr-x 1 luana 197609    0 Sep  5 13:12 lorem/
drwxr-xr-x 1 luana 197609    0 Sep  5 12:48 lorem-copy/
drwxr-xr-x 1 luana 197609    0 Sep  5 11:52 outputs/
-rw-r--r-- 1 luana 197609 2597 Sep  5 11:52 readme.md

luana@LAPTOP-P8A7ACTH MINGW64 ~/IH-Labs/lab-bash (master)
$ ls -s
total 12
0 exercices/  0 inputs/  4 lorem/  4 lorem-copy/  0 outputs/  4 readme.md

luana@LAPTOP-P8A7ACTH MINGW64 ~/IH-Labs/lab-bash (master)
$ cd lorem

luana@LAPTOP-P8A7ACTH MINGW64 ~/IH-Labs/lab-bash/lorem (master)
$ ls *.txt
at.txt  lorem.txt  sed.txt

luana@LAPTOP-P8A7ACTH MINGW64 ~/IH-Labs/lab-bash/lorem (master)
$ cd ..

luana@LAPTOP-P8A7ACTH MINGW64 ~/IH-Labs/lab-bash (master)
$ wc -l lorem*
wc: lorem: Is a directory
      0 lorem
wc: lorem-copy: Is a directory
      0 lorem-copy
      0 total

luana@LAPTOP-P8A7ACTH MINGW64 ~/IH-Labs/lab-bash (master)
$ ls wc -l lorem*
ls: cannot access 'wc': No such file or directory
lorem:
total 13
-rw-r--r-- 1 luana 197609 853 Sep  5 13:12 at.txt
-rw-r--r-- 1 luana 197609 861 Sep  5 11:52 at.txte
-rw-r--r-- 1 luana 197609 451 Sep  5 11:52 lorem.txt
-rw-r--r-- 1 luana 197609 900 Sep  5 11:52 sed.txt

lorem-copy:
total 10
-rw-r--r-- 1 luana 197609 863 Sep  5 12:48 at.txt
-rw-r--r-- 1 luana 197609  12 Sep  5 11:52 dummy_file.txt
-rw-r--r-- 1 luana 197609 451 Sep  5 12:48 lorem.txt
-rw-r--r-- 1 luana 197609 920 Sep  5 13:00 sed.txt

luana@LAPTOP-P8A7ACTH MINGW64 ~/IH-Labs/lab-bash (master)
$ ls | wc -l lorem*
wc: lorem: Is a directory
      0 lorem
wc: lorem-copy: Is a directory
      0 lorem-copy
      0 total

luana@LAPTOP-P8A7ACTH MINGW64 ~/IH-Labs/lab-bash (master)
$ ls lorem* | wc -l
11

luana@LAPTOP-P8A7ACTH MINGW64 ~/IH-Labs/lab-bash (master)
$ read luana


luana@LAPTOP-P8A7ACTH MINGW64 ~/IH-Labs/lab-bash (master)
$ print read
Unable to initialize device PRN

luana@LAPTOP-P8A7ACTH MINGW64 ~/IH-Labs/lab-bash (master)
$ echo read
read

luana@LAPTOP-P8A7ACTH MINGW64 ~/IH-Labs/lab-bash (master)
$ echo %read%
%read%

luana@LAPTOP-P8A7ACTH MINGW64 ~/IH-Labs/lab-bash (master)
$ read -i luana


luana@LAPTOP-P8A7ACTH MINGW64 ~/IH-Labs/lab-bash (master)
$ read var1 whoami


luana@LAPTOP-P8A7ACTH MINGW64 ~/IH-Labs/lab-bash (master)
$ echo %var%
%var%

luana@LAPTOP-P8A7ACTH MINGW64 ~/IH-Labs/lab-bash (master)
$ echo %var1%
%var1%

luana@LAPTOP-P8A7ACTH MINGW64 ~/IH-Labs/lab-bash (master)
$ var1
bash: var1: command not found

luana@LAPTOP-P8A7ACTH MINGW64 ~/IH-Labs/lab-bash (master)
$ $var1

luana@LAPTOP-P8A7ACTH MINGW64 ~/IH-Labs/lab-bash (master)
$ read var1
whoami

luana@LAPTOP-P8A7ACTH MINGW64 ~/IH-Labs/lab-bash (master)
$ $var1
luana

luana@LAPTOP-P8A7ACTH MINGW64 ~/IH-Labs/lab-bash (master)
$ echo &var1%

[1] 1332
bash: var1%: command not found
[1]+  Done                    echo

luana@LAPTOP-P8A7ACTH MINGW64 ~/IH-Labs/lab-bash (master)
$ echo %var1%
%var1%

luana@LAPTOP-P8A7ACTH MINGW64 ~/IH-Labs/lab-bash (master)
$ echo var1
var1

luana@LAPTOP-P8A7ACTH MINGW64 ~/IH-Labs/lab-bash (master)
$ mkdir $var1

luana@LAPTOP-P8A7ACTH MINGW64 ~/IH-Labs/lab-bash (master)
$ ls
exercices/  inputs/  lorem/  lorem-copy/  outputs/  readme.md  whoami/

luana@LAPTOP-P8A7ACTH MINGW64 ~/IH-Labs/lab-bash (master)
$ mkdir %var1%

luana@LAPTOP-P8A7ACTH MINGW64 ~/IH-Labs/lab-bash (master)
$ ls
%var1%/  exercices/  inputs/  lorem/  lorem-copy/  outputs/  readme.md  whoami/

luana@LAPTOP-P8A7ACTH MINGW64 ~/IH-Labs/lab-bash (master)
$ rm -r %var1%

luana@LAPTOP-P8A7ACTH MINGW64 ~/IH-Labs/lab-bash (master)
$ rm -r whoami

luana@LAPTOP-P8A7ACTH MINGW64 ~/IH-Labs/lab-bash (master)
$ $var1 | mkdir
mkdir: missing operand
Try 'mkdir --help' for more information.

luana@LAPTOP-P8A7ACTH MINGW64 ~/IH-Labs/lab-bash (master)
$ $var1 mkdir $var1
whoami: extra operand ‘mkdir’
Try 'whoami --help' for more information.

luana@LAPTOP-P8A7ACTH MINGW64 ~/IH-Labs/lab-bash (master)
$ $var1 | mkdir $var1

luana@LAPTOP-P8A7ACTH MINGW64 ~/IH-Labs/lab-bash (master)
$ ls
exercices/  inputs/  lorem/  lorem-copy/  outputs/  readme.md  whoami/

luana@LAPTOP-P8A7ACTH MINGW64 ~/IH-Labs/lab-bash (master)
$ mkdir %var1%

luana@LAPTOP-P8A7ACTH MINGW64 ~/IH-Labs/lab-bash (master)
$ ls
%var1%/  exercices/  inputs/  lorem/  lorem-copy/  outputs/  readme.md  whoami/

luana@LAPTOP-P8A7ACTH MINGW64 ~/IH-Labs/lab-bash (master)
$ mkdir %$var1%

luana@LAPTOP-P8A7ACTH MINGW64 ~/IH-Labs/lab-bash (master)
$ ls
%var1%/  %whoami%/  exercices/  inputs/  lorem/  lorem-copy/  outputs/  readme.md  whoami/

luana@LAPTOP-P8A7ACTH MINGW64 ~/IH-Labs/lab-bash (master)
$ $var1 | mkdir %$var1%
mkdir: cannot create directory ‘%whoami%’: File exists

luana@LAPTOP-P8A7ACTH MINGW64 ~/IH-Labs/lab-bash (master)
$ mkdir "$var1"
mkdir: cannot create directory ‘whoami’: File exists

luana@LAPTOP-P8A7ACTH MINGW64 ~/IH-Labs/lab-bash (master)
$ $var1 | mkdir "$var1"
mkdir: cannot create directory ‘whoami’: File exists

luana@LAPTOP-P8A7ACTH MINGW64 ~/IH-Labs/lab-bash (master)
$ read var2
luana

luana@LAPTOP-P8A7ACTH MINGW64 ~/IH-Labs/lab-bash (master)
$ mkdir $var2

luana@LAPTOP-P8A7ACTH MINGW64 ~/IH-Labs/lab-bash (master)
$ ls
%var1%/  %whoami%/  exercices/  inputs/  lorem/  lorem-copy/  luana/  outputs/  readme.md  whoami/

luana@LAPTOP-P8A7ACTH MINGW64 ~/IH-Labs/lab-bash (master)
$ rm -r %var1% ; rm -r %whoami% ; rm -r whoami

luana@LAPTOP-P8A7ACTH MINGW64 ~/IH-Labs/lab-bash (master)
$ ls
exercices/  inputs/  lorem/  lorem-copy/  luana/  outputs/  readme.md
